[
    {
        "id": 382283,
        "name": "cconv",
        "package_base_id": 32578,
        "package_base": "cconv",
        "version": "0.6.3-1",
        "description": "A iconv based simplified-traditional chinese conversion tool",
        "url": "https://github.com/xiaoyjy/cconv",
        "num_votes": 6,
        "popularity": 0,
        "out_of_date": false,
        "maintainer": "cdown",
        "first_submitted": 1260451397,
        "last_modified": 1486632440,
        "url_path": "/cgit/aur.git/snapshot/cconv.tar.gz",
        "depends": [],
        "make_depends": [],
        "opt_depends": [],
        "conflicts": [],
        "provides": [],
        "license": [],
        "keywords": []
    },
    {
        "id": 608927,
        "name": "rbenv",
        "package_base_id": 51956,
        "package_base": "rbenv",
        "version": "1.1.2-1",
        "description": "Simple Ruby version manager",
        "url": "https://github.com/rbenv/rbenv",
        "num_votes": 124,
        "popularity": 1.294567,
        "out_of_date": true,
        "maintainer": "cdown",
        "first_submitted": 1314619026,
        "last_modified": 1556814400,
        "url_path": "/cgit/aur.git/snapshot/rbenv.tar.gz",
        "depends": [],
        "make_depends": [],
        "opt_depends": [],
        "conflicts": [],
        "provides": [],
        "license": [],
        "keywords": []
    },
    {
        "id": 485900,
        "name": "yturl",
        "package_base_id": 68930,
        "package_base": "yturl",
        "version": "2.0.2-1",
        "description": "YouTube videos on the command line",
        "url": "http://github.com/cdown/yturl",
        "num_votes": 6,
        "popularity": 0,
        "out_of_date": false,
        "maintainer": "cdown",
        "first_submitted": 1365426996,
        "last_modified": 1518379586,
        "url_path": "/cgit/aur.git/snapshot/yturl.tar.gz",
        "depends": [],
        "make_depends": [],
        "opt_depends": [],
        "conflicts": [],
        "provides": [],
        "license": [],
        "keywords": []
    },
    {
        "id": 698444,
        "name": "mpdmenu",
        "package_base_id": 70444,
        "package_base": "mpdmenu",
        "version": "1.0.5-1",
        "description": "dmenu frontend to MPD",
        "url": "http://github.com/cdown/mpdmenu",
        "num_votes": 5,
        "popularity": 0.005472,
        "out_of_date": false,
        "maintainer": "cdown",
        "first_submitted": 1369711771,
        "last_modified": 1582090931,
        "url_path": "/cgit/aur.git/snapshot/mpdmenu.tar.gz",
        "depends": [],
        "make_depends": [],
        "opt_depends": [],
        "conflicts": [],
        "provides": [],
        "license": [],
        "keywords": []
    },
    {
        "id": 739196,
        "name": "xbanish",
        "package_base_id": 96833,
        "package_base": "xbanish",
        "version": "1.7-1",
        "description": "Hide the mouse cursor when typing",
        "url": "https://github.com/jcs/xbanish",
        "num_votes": 22,
        "popularity": 0.785363,
        "out_of_date": false,
        "maintainer": "cdown",
        "first_submitted": 1438967392,
        "last_modified": 1589899126,
        "url_path": "/cgit/aur.git/snapshot/xbanish.tar.gz",
        "depends": [],
        "make_depends": [],
        "opt_depends": [],
        "conflicts": [],
        "provides": [],
        "license": [],
        "keywords": []
    },
    {
        "id": 682388,
        "name": "tzupdate",
        "package_base_id": 99473,
        "package_base": "tzupdate",
        "version": "2.0.0-1",
        "description": "Set the system timezone based on IP geolocation",
        "url": "http://github.com/cdown/tzupdate",
        "num_votes": 19,
        "popularity": 0.904231,
        "out_of_date": true,
        "maintainer": "cdown",
        "first_submitted": 1441577921,
        "last_modified": 1578054842,
        "url_path": "/cgit/aur.git/snapshot/tzupdate.tar.gz",
        "depends": [],
        "make_depends": [],
        "opt_depends": [],
        "conflicts": [],
        "provides": [],
        "license": [],
        "keywords": []
    },
    {
        "id": 609920,
        "name": "bats",
        "package_base_id": 107142,
        "package_base": "bats",
        "version": "1.2.0-1",
        "description": "Battery status in the console",
        "url": "http://github.com/cdown/bats",
        "num_votes": 3,
        "popularity": 0.444183,
        "out_of_date": false,
        "maintainer": "cdown",
        "first_submitted": 1454680725,
        "last_modified": 1557081287,
        "url_path": "/cgit/aur.git/snapshot/bats.tar.gz",
        "depends": [],
        "make_depends": [],
        "opt_depends": [],
        "conflicts": [],
        "provides": [],
        "license": [],
        "keywords": []
    },
    {
        "id": 739207,
        "name": "sshrc",
        "package_base_id": 111149,
        "package_base": "sshrc",
        "version": "0.6.2-2",
        "description": "Bring your .bashrc, .vimrc, etc. from your local workstation when you ssh into a remote box.",
        "url": "https://github.com/cdown/sshrc",
        "num_votes": 5,
        "popularity": 0.773954,
        "out_of_date": false,
        "maintainer": "cdown",
        "first_submitted": 1462914743,
        "last_modified": 1589899705,
        "url_path": "/cgit/aur.git/snapshot/sshrc.tar.gz",
        "depends": [],
        "make_depends": [],
        "opt_depends": [],
        "conflicts": [],
        "provides": [],
        "license": [],
        "keywords": []
    },
    {
        "id": 509238,
        "name": "xinput-toggle",
        "package_base_id": 116363,
        "package_base": "xinput-toggle",
        "version": "1.2.0-1",
        "description": "xinput enable/disable toggler",
        "url": "http://github.com/cdown/xinput-toggle",
        "num_votes": 2,
        "popularity": 0,
        "out_of_date": false,
        "maintainer": "cdown",
        "first_submitted": 1477056647,
        "last_modified": 1525824989,
        "url_path": "/cgit/aur.git/snapshot/xinput-toggle.tar.gz",
        "depends": [],
        "make_depends": [],
        "opt_depends": [],
        "conflicts": [],
        "provides": [],
        "license": [],
        "keywords": []
    },
    {
        "id": 805213,
        "name": "nota",
        "package_base_id": 116758,
        "package_base": "nota",
        "version": "1.6.0-1",
        "description": "Simple note taking using your $EDITOR and git",
        "url": "http://github.com/cdown/nota",
        "num_votes": 3,
        "popularity": 0.001266,
        "out_of_date": false,
        "maintainer": "cdown",
        "first_submitted": 1478278093,
        "last_modified": 1602857883,
        "url_path": "/cgit/aur.git/snapshot/nota.tar.gz",
        "depends": [],
        "make_depends": [],
        "opt_depends": [],
        "conflicts": [],
        "provides": [],
        "license": [],
        "keywords": []
    },
    {
        "id": 798412,
        "name": "plenv",
        "package_base_id": 118279,
        "package_base": "plenv",
        "version": "2.3.1-1",
        "description": "Simple Perl version management",
        "url": "https://github.com/tokuhirom/plenv",
        "num_votes": 3,
        "popularity": 0.001863,
        "out_of_date": false,
        "maintainer": "cdown",
        "first_submitted": 1483116313,
        "last_modified": 1601419347,
        "url_path": "/cgit/aur.git/snapshot/plenv.tar.gz",
        "depends": [],
        "make_depends": [],
        "opt_depends": [],
        "conflicts": [],
        "provides": [],
        "license": [],
        "keywords": []
    },
    {
        "id": 789776,
        "name": "perl-build",
        "package_base_id": 118280,
        "package_base": "perl-build",
        "version": "1.31-1",
        "description": "Compile and install perl",
        "url": "https://github.com/tokuhirom/Perl-Build",
        "num_votes": 1,
        "popularity": 0,
        "out_of_date": false,
        "maintainer": "cdown",
        "first_submitted": 1483117401,
        "last_modified": 1599738204,
        "url_path": "/cgit/aur.git/snapshot/perl-build.tar.gz",
        "depends": [],
        "make_depends": [],
        "opt_depends": [],
        "conflicts": [],
        "provides": [],
        "license": [],
        "keywords": []
    },
    {
        "id": 433129,
        "name": "prompter",
        "package_base_id": 124538,
        "package_base": "prompter",
        "version": "0.3.0-1",
        "description": "Dumb prompter",
        "url": "http://github.com/cdown/prompter",
        "num_votes": 0,
        "popularity": 0,
        "out_of_date": false,
        "maintainer": "cdown",
        "first_submitted": 1501767670,
        "last_modified": 1501929264,
        "url_path": "/cgit/aur.git/snapshot/prompter.tar.gz",
        "depends": [],
        "make_depends": [],
        "opt_depends": [],
        "conflicts": [],
        "provides": [],
        "license": [],
        "keywords": []
    },
    {
        "id": 798413,
        "name": "btmenu",
        "package_base_id": 137640,
        "package_base": "btmenu",
        "version": "1.2.0-2",
        "description": "Control bluetooth devices with dmenu",
        "url": "http://github.com/cdown/btmenu",
        "num_votes": 1,
        "popularity": 2.6e-05,
        "out_of_date": false,
        "maintainer": "cdown",
        "first_submitted": 1543325355,
        "last_modified": 1601419553,
        "url_path": "/cgit/aur.git/snapshot/btmenu.tar.gz",
        "depends": [],
        "make_depends": [],
        "opt_depends": [],
        "conflicts": [],
        "provides": [],
        "license": [],
        "keywords": []
    },
    {
        "id": 609072,
        "name": "linux-cdown-mmots-git",
        "package_base_id": 139184,
        "package_base": "linux-cdown-mmots-git",
        "version": "5.1.0.rc6.mm1-3",
        "description": "The Linux-cdown-mmots-git kernel and modules",
        "url": "https://github.com/cdown/linux-mmots",
        "num_votes": 0,
        "popularity": 0,
        "out_of_date": false,
        "maintainer": "cdown",
        "first_submitted": 1548964448,
        "last_modified": 1556830495,
        "url_path": "/cgit/aur.git/snapshot/linux-cdown-mmots-git.tar.gz",
        "depends": [],
        "make_depends": [],
        "opt_depends": [],
        "conflicts": [],
        "provides": [],
        "license": [],
        "keywords": []
    },
    {
        "id": 609073,
        "name": "linux-cdown-mmots-git-headers",
        "package_base_id": 139184,
        "package_base": "linux-cdown-mmots-git",
        "version": "5.1.0.rc6.mm1-3",
        "description": "Header files and scripts for building modules for Linux-cdown-mmots-git kernel",
        "url": "https://github.com/cdown/linux-mmots",
        "num_votes": 0,
        "popularity": 0,
        "out_of_date": false,
        "maintainer": "cdown",
        "first_submitted": 1548964448,
        "last_modified": 1556830495,
        "url_path": "/cgit/aur.git/snapshot/linux-cdown-mmots-git.tar.gz",
        "depends": [],
        "make_depends": [],
        "opt_depends": [],
        "conflicts": [],
        "provides": [],
        "license": [],
        "keywords": []
    },
    {
        "id": 743083,
        "name": "systemd-cdown-git",
        "package_base_id": 139191,
        "package_base": "systemd-cdown-git",
        "version": "245.r630.g842a362c3a-1",
        "description": "system and service manager (git version)",
        "url": "https://www.github.com/systemd/systemd",
        "num_votes": 0,
        "popularity": 0,
        "out_of_date": false,
        "maintainer": "cdown",
        "first_submitted": 1548969679,
        "last_modified": 1590513715,
        "url_path": "/cgit/aur.git/snapshot/systemd-cdown-git.tar.gz",
        "depends": [],
        "make_depends": [],
        "opt_depends": [],
        "conflicts": [],
        "provides": [],
        "license": [],
        "keywords": []
    },
    {
        "id": 743084,
        "name": "systemd-cdown-libs-git",
        "package_base_id": 139191,
        "package_base": "systemd-cdown-git",
        "version": "245.r630.g842a362c3a-1",
        "description": "systemd client libraries (git version)",
        "url": "https://www.github.com/systemd/systemd",
        "num_votes": 0,
        "popularity": 0,
        "out_of_date": false,
        "maintainer": "cdown",
        "first_submitted": 1548969679,
        "last_modified": 1590513715,
        "url_path": "/cgit/aur.git/snapshot/systemd-cdown-git.tar.gz",
        "depends": [],
        "make_depends": [],
        "opt_depends": [],
        "conflicts": [],
        "provides": [],
        "license": [],
        "keywords": []
    },
    {
        "id": 743085,
        "name": "systemd-cdown-resolvconf-git",
        "package_base_id": 139191,
        "package_base": "systemd-cdown-git",
        "version": "245.r630.g842a362c3a-1",
        "description": "systemd resolvconf replacement (for use with systemd-resolved, git version)",
        "url": "https://www.github.com/systemd/systemd",
        "num_votes": 0,
        "popularity": 0,
        "out_of_date": false,
        "maintainer": "cdown",
        "first_submitted": 1548969679,
        "last_modified": 1590513715,
        "url_path": "/cgit/aur.git/snapshot/systemd-cdown-git.tar.gz",
        "depends": [],
        "make_depends": [],
        "opt_depends": [],
        "conflicts": [],
        "provides": [],
        "license": [],
        "keywords": []
    },
    {
        "id": 743086,
        "name": "systemd-cdown-sysvcompat-git",
        "package_base_id": 139191,
        "package_base": "systemd-cdown-git",
        "version": "245.r630.g842a362c3a-1",
        "description": "sysvinit compat for systemd (git version)",
        "url": "https://www.github.com/systemd/systemd",
        "num_votes": 0,
        "popularity": 0,
        "out_of_date": false,
        "maintainer": "cdown",
        "first_submitted": 1548969679,
        "last_modified": 1590513715,
        "url_path": "/cgit/aur.git/snapshot/systemd-cdown-git.tar.gz",
        "depends": [],
        "make_depends": [],
        "opt_depends": [],
        "conflicts": [],
        "provides": [],
        "license": [],
        "keywords": []
    },
    {
        "id": 804475,
        "name": "clipmenu-git",
        "package_base_id": 149818,
        "package_base": "clipmenu-git",
        "version": "6.2.0.r0.g7c34ace-1",
        "description": "Clipboard management using dmenu",
        "url": "http://github.com/cdown/clipmenu",
        "num_votes": 2,
        "popularity": 0.053872,
        "out_of_date": false,
        "maintainer": "cdown",
        "first_submitted": 1583412881,
        "last_modified": 1602681415,
        "url_path": "/cgit/aur.git/snapshot/clipmenu-git.tar.gz",
        "depends": [],
        "make_depends": [],
        "opt_depends": [],
        "conflicts": [],
        "provides": [],
        "license": [],
        "keywords": []
    },
    {
        "id": 823295,
        "name": "psi-notify",
        "package_base_id": 151962,
        "package_base": "psi-notify",
        "version": "1.2.1-2",
        "description": "Minimalistic PSI notifier using libnotify",
        "url": "https://github.com/cdown/psi-notify",
        "num_votes": 7,
        "popularity": 0.003441,
        "out_of_date": false,
        "maintainer": "cdown",
        "first_submitted": 1587776130,
        "last_modified": 1606235369,
        "url_path": "/cgit/aur.git/snapshot/psi-notify.tar.gz",
        "depends": [],
        "make_depends": [],
        "opt_depends": [],
        "conflicts": [],
        "provides": [],
        "license": [],
        "keywords": []
    },
    {
        "id": 728542,
        "name": "psi-notify-git",
        "package_base_id": 152140,
        "package_base": "psi-notify-git",
        "version": "0.3.r23.g7d356b1-1",
        "description": "Minimalistic PSI notifier using libnotify (git version)",
        "url": "https://github.com/cdown/psi-notify",
        "num_votes": 0,
        "popularity": 0,
        "out_of_date": false,
        "maintainer": "cdown",
        "first_submitted": 1588194171,
        "last_modified": 1588194171,
        "url_path": "/cgit/aur.git/snapshot/psi-notify-git.tar.gz",
        "depends": [],
        "make_depends": [],
        "opt_depends": [],
        "conflicts": [],
        "provides": [],
        "license": [],
        "keywords": []
    },
    {
        "id": 898654,
        "name": "todobg",
        "package_base_id": 166107,
        "package_base": "todobg",
        "version": "0.1.1-2",
        "description": "Todo list on the X root window",
        "url": "http://github.com/cdown/todobg",
        "num_votes": 0,
        "popularity": 0,
        "out_of_date": false,
        "maintainer": "cdown",
        "first_submitted": 1619407129,
        "last_modified": 1619549733,
        "url_path": "/cgit/aur.git/snapshot/todobg.tar.gz",
        "depends": [],
        "make_depends": [],
        "opt_depends": [],
        "conflicts": [],
        "provides": [],
        "license": [],
        "keywords": []
    },
    {
        "id": 909991,
        "name": "sxiv-photoorg-git",
        "package_base_id": 167120,
        "package_base": "sxiv-photoorg-git",
        "version": "0.r768.2a3c329-1",
        "description": "Simple X Image Viewer, photo organiser version",
        "url": "https://github.com/cdown/sxiv",
        "num_votes": 0,
        "popularity": 0,
        "out_of_date": false,
        "maintainer": "cdown",
        "first_submitted": 1621557079,
        "last_modified": 1621557079,
        "url_path": "/cgit/aur.git/snapshot/sxiv-photoorg-git.tar.gz",
        "depends": [],
        "make_depends": [],
        "opt_depends": [],
        "conflicts": [],
        "provides": [],
        "license": [],
        "keywords": []
    }
]