[
    {
        "id": 284071,
        "name": "poco-git",
        "package_base_id": 108665,
        "package_base": "poco-git",
        "version": "1.7.0.r0.gf28591b-1",
        "description": "C++ class libraries for network-centric, portable applications, complete edition",
        "url": "http://www.pocoproject.org/",
        "num_votes": 3,
        "popularity": 0,
        "out_of_date": false,
        "maintainer": "andres.manz",
        "first_submitted": 1457703284,
        "last_modified": 1457749197,
        "url_path": "/cgit/aur.git/snapshot/poco-git.tar.gz",
        "depends": [],
        "make_depends": [],
        "opt_depends": [],
        "conflicts": [],
        "provides": [],
        "license": [],
        "keywords": []
    },
    {
        "id": 471841,
        "name": "ros-ardent-poco-vendor",
        "package_base_id": 128251,
        "package_base": "ros-ardent-poco-vendor",
        "version": "1.0.0-1",
        "description": "ROS - CMake shim over the poco library.",
        "url": "http://www.ros.org/",
        "num_votes": 0,
        "popularity": 0,
        "out_of_date": false,
        "maintainer": "racko",
        "first_submitted": 1513897192,
        "last_modified": 1513897193,
        "url_path": "/cgit/aur.git/snapshot/ros-ardent-poco-vendor.tar.gz",
        "depends": [],
        "make_depends": [],
        "opt_depends": [],
        "conflicts": [],
        "provides": [],
        "license": [],
        "keywords": []
    },
    {
        "id": 648985,
        "name": "mingw-w64-poco",
        "package_base_id": 131346,
        "package_base": "mingw-w64-poco",
        "version": "1.9.3-1",
        "description": "C++ class libraries for network-centric, portable applications, complete edition with debug libraries (mingw-w64)",
        "url": "http://www.pocoproject.org/",
        "num_votes": 1,
        "popularity": 0,
        "out_of_date": false,
        "maintainer": "Forty-Bot",
        "first_submitted": 1522824936,
        "last_modified": 1569167622,
        "url_path": "/cgit/aur.git/snapshot/mingw-w64-poco.tar.gz",
        "depends": [],
        "make_depends": [],
        "opt_depends": [],
        "conflicts": [],
        "provides": [],
        "license": [],
        "keywords": []
    },
    {
        "id": 764256,
        "name": "flopoco",
        "package_base_id": 72798,
        "package_base": "flopoco",
        "version": "4.1.2-1",
        "description": "A generator of arithmetic cores (Floating-Point Cores, but not only) for FPGAs (but not only)",
        "url": "http://flopoco.gforge.inria.fr/",
        "num_votes": 1,
        "popularity": 0,
        "out_of_date": false,
        "maintainer": "marzoul",
        "first_submitted": 1377118989,
        "last_modified": 1594591525,
        "url_path": "/cgit/aur.git/snapshot/flopoco.tar.gz",
        "depends": [],
        "make_depends": [],
        "opt_depends": [],
        "conflicts": [],
        "provides": [],
        "license": [],
        "keywords": []
    },
    {
        "id": 793179,
        "name": "libpoco-basic",
        "package_base_id": 74539,
        "package_base": "libpoco-basic",
        "version": "1.10.1-1",
        "description": "C++ class libraries for network-centric, portable applications, basic edition",
        "url": "http://www.pocoproject.org",
        "num_votes": 1,
        "popularity": 0,
        "out_of_date": false,
        "maintainer": "Raimar",
        "first_submitted": 1382130102,
        "last_modified": 1600375957,
        "url_path": "/cgit/aur.git/snapshot/libpoco-basic.tar.gz",
        "depends": [],
        "make_depends": [],
        "opt_depends": [],
        "conflicts": [],
        "provides": [],
        "license": [],
        "keywords": []
    }
]